
> maestro-career@0.1.0 build
> next build

  Γû▓ Next.js 14.2.15
  - Environments: .env.local

   Creating an optimized production build ...
 Γ£ô Compiled successfully
   Linting and checking validity of types ...
node.exe : 
At D:\Software's\nodejs\np
m.ps1:29 char:3
+   & $NODE_EXE 
$NPM_CLI_JS $args
+   ~~~~~~~~~~~~~~~~~~~~~~
~~~~~~~
    + CategoryInfo        
      : NotSpecified: (:  
  String) [], RemoteExc   
 eption
    + FullyQualifiedError 
   Id : NativeCommandErr  
  or
 
Failed to compile.

./src/components/auth/Auth
Shell.tsx
1:8  Error: 'Image' is 
defined but never used.  @
typescript-eslint/no-unuse
d-vars
3:10  Error: 'ArrowLeft' 
is defined but never 
used.  @typescript-eslint/
no-unused-vars

info  - Need to disable 
some ESLint rules? Learn 
more here: https://nextjs.
org/docs/basic-features/es
lint#disabling-rules
